// Vitest Snapshot v1, https://vitest.dev/guide/snapshot.html

exports[`sqlite > should read collections from db 1`] = `
[
  {
    "id": "_pb_users_auth_",
    "name": "users",
    "schema": [
      {
        "id": "unknown",
        "name": "id",
        "options": {},
        "presentable": true,
        "required": true,
        "system": false,
        "tsType": "string",
        "type": "text",
      },
      {
        "id": "unknown",
        "name": "created_at",
        "options": {},
        "presentable": true,
        "required": true,
        "system": false,
        "tsType": "Date",
        "type": "date",
      },
      {
        "id": "unknown",
        "name": "updated_at",
        "options": {},
        "presentable": true,
        "required": true,
        "system": false,
        "tsType": "Date",
        "type": "date",
      },
    ],
    "type": "auth",
  },
  {
    "id": "y7r8b764q36dm5k",
    "name": "relationships",
    "schema": [
      {
        "id": "unknown",
        "name": "id",
        "options": {},
        "presentable": true,
        "required": true,
        "system": false,
        "tsType": "string",
        "type": "text",
      },
      {
        "id": "unknown",
        "name": "created_at",
        "options": {},
        "presentable": true,
        "required": true,
        "system": false,
        "tsType": "Date",
        "type": "date",
      },
      {
        "id": "unknown",
        "name": "updated_at",
        "options": {},
        "presentable": true,
        "required": true,
        "system": false,
        "tsType": "Date",
        "type": "date",
      },
      {
        "id": "m4wle44g",
        "name": "userA",
        "options": {
          "cascadeDelete": false,
          "collectionId": "_pb_users_auth_",
          "displayFields": null,
          "maxSelect": 1,
          "minSelect": null,
        },
        "presentable": false,
        "required": false,
        "system": false,
        "tsType": "UsersCollection",
        "type": "relation",
        "unique": false,
      },
      {
        "id": "prhaed4e",
        "name": "userB",
        "options": {
          "cascadeDelete": false,
          "collectionId": "_pb_users_auth_",
          "displayFields": null,
          "maxSelect": 1,
          "minSelect": null,
        },
        "presentable": false,
        "required": false,
        "system": false,
        "tsType": "UsersCollection",
        "type": "relation",
        "unique": false,
      },
      {
        "id": "h27inftm",
        "name": "relationship",
        "options": {
          "maxSelect": 2,
          "values": [
            "friend",
            "blocked",
          ],
        },
        "presentable": false,
        "required": false,
        "system": false,
        "tsType": "'friend' | 'blocked'",
        "type": "select",
        "unique": false,
      },
    ],
    "type": "base",
  },
  {
    "id": "x9x94l3hve0wc8u",
    "name": "profile",
    "schema": [
      {
        "id": "unknown",
        "name": "id",
        "options": {},
        "presentable": true,
        "required": true,
        "system": false,
        "tsType": "string",
        "type": "text",
      },
      {
        "id": "unknown",
        "name": "created_at",
        "options": {},
        "presentable": true,
        "required": true,
        "system": false,
        "tsType": "Date",
        "type": "date",
      },
      {
        "id": "unknown",
        "name": "updated_at",
        "options": {},
        "presentable": true,
        "required": true,
        "system": false,
        "tsType": "Date",
        "type": "date",
      },
      {
        "id": "ssbrkau6",
        "name": "account",
        "options": {
          "cascadeDelete": false,
          "collectionId": "_pb_users_auth_",
          "displayFields": null,
          "maxSelect": 1,
          "minSelect": null,
        },
        "presentable": false,
        "required": true,
        "system": false,
        "tsType": "UsersCollection",
        "type": "relation",
        "unique": false,
      },
      {
        "id": "z0lrlsjp",
        "name": "real_name",
        "options": {
          "max": null,
          "min": null,
          "pattern": "",
        },
        "presentable": false,
        "required": false,
        "system": false,
        "tsType": "string",
        "type": "text",
        "unique": false,
      },
      {
        "id": "z1hea8x8",
        "name": "preferred_name",
        "options": {
          "max": null,
          "min": null,
          "pattern": "",
        },
        "presentable": false,
        "required": false,
        "system": false,
        "tsType": "string",
        "type": "text",
        "unique": false,
      },
      {
        "id": "ss5v5hmf",
        "name": "birthday",
        "options": {
          "max": "",
          "min": "",
        },
        "presentable": false,
        "required": false,
        "system": false,
        "tsType": "Date",
        "type": "date",
        "unique": false,
      },
    ],
    "type": "base",
  },
]
`;
